[36mvite v8.0.1 [32mbuilding client environment for production...[36m[39m
[2K
transforming...Γ£ô 18 modules transformed.
node.exe : 
[31mΓ£ù[39m Build 
failed in 89ms
At C:\Program Files\no
dejs\npx.ps1:29 char:3
+   & $NODE_EXE 
$NPX_CLI_JS $args
+   ~~~~~~~~~~~~~~~~~~
~~~~~~~~~~~
    + CategoryInfo    
          : NotSpeci  
  fied: ([31mΓ£ù[   
 39m Build failed     
in 89ms:String) [    
], RemoteExceptio    n
    + FullyQualifiedE 
   rrorId : NativeCo  
  mmandError
 
[31merror during 
build:
[31mBuild failed 
with 1 error:

[plugin vite:css] 
E:/Hospital Template/s
rc/style.css:4717:0
CssSyntaxError: 
[postcss] E:/Hospital 
Template/src/style.css
:4717:1: Unexpected }
    at Input.error 
(E:\Hospital Template\
node_modules\postcss\l
ib\input.js:135:16)
    at Parser.unexpect
edClose (E:\Hospital T
emplate\node_modules\p
ostcss\lib\parser.js:5
87:22)
    at Parser.end 
(E:\Hospital Template\
node_modules\postcss\l
ib\parser.js:330:12)
    at Parser.parse 
(E:\Hospital Template\
node_modules\postcss\l
ib\parser.js:456:16)
    at parse 
(E:\Hospital Template\
node_modules\postcss\l
ib\parse.js:11:12)
    at new LazyResult 
(E:\Hospital Template\
node_modules\postcss\l
ib\lazy-result.js:165:
16)
    at 
Processor.process 
(E:\Hospital Template\
node_modules\postcss\l
ib\processor.js:53:14)
    at runPostCSS (fil
e:///E:/Hospital%20Tem
plate/node_modules/vit
e/dist/node/chunks/nod
e.js:20932:66)
    at async 
compilePostCSS (file:/
//E:/Hospital%20Templa
te/node_modules/vite/d
ist/node/chunks/node.j
s:20916:6)
    at async 
compileCSS (file:///E:
/Hospital%20Template/n
ode_modules/vite/dist/
node/chunks/node.js:20
846:26)[31m
    at aggregateBindin
gErrorsIntoJsError (fi
le:///E:/Hospital%20Te
mplate/node_modules/ro
lldown/dist/shared/err
or-BO4SlZV_.mjs:48:18)
    at 
unwrapBindingResult (f
ile:///E:/Hospital%20T
emplate/node_modules/r
olldown/dist/shared/er
ror-BO4SlZV_.mjs:18:12
8)
    at #build (file://
/E:/Hospital%20Templat
e/node_modules/rolldow
n/dist/shared/rolldown
-build-yQC7KN8K.mjs:33
11:34)
    at async 
buildEnvironment (file
:///E:/Hospital%20Temp
late/node_modules/vite
/dist/node/chunks/node
.js:32817:64)
    at async 
Object.build (file:///
E:/Hospital%20Template
/node_modules/vite/dis
t/node/chunks/node.js:
33239:19)
    at async 
Object.buildApp (file:
///E:/Hospital%20Templ
ate/node_modules/vite/
dist/node/chunks/node.
js:33236:153)
    at async 
CAC.<anonymous> (file:
///E:/Hospital%20Templ
ate/node_modules/vite/
dist/node/cli.js:778:3
) {
  errors: 
[Getter/Setter]
}[39m
